vite v7.3.1 building client environment for production...
transforming...
✓ 1753 modules transformed.
rendering chunks...
computing gzip size...
dist/index.html                   0.79 kB │ gzip:  0.43 kB
dist/assets/index-Vw6yJssq.css   46.54 kB │ gzip:  8.38 kB
dist/assets/index-NEny-d7f.js   260.16 kB │ gzip: 80.39 kB
✓ built in 2.05s
